[2026-08-03 18:15:11] ============================================================
[2026-08-03 18:15:11] STARTING BLOC-RELOC OBSERVATORY PIPELINE EXECUTION
[2026-08-03 18:15:11] Repository Root: /workspaces/bloc-reloc-v2
[2026-08-03 18:15:11] ============================================================
[2026-08-03 18:15:11] 
[STEP 1/3] Executing: dynamics_observatory.py (Dynamics Observatory Baseline Engine)
[dynamics_observatory.py] ================================================================================
[dynamics_observatory.py] STARTING DYNAMICS OBSERVATORY PIPELINE (REPRODUCIBLE RUN)
[dynamics_observatory.py] ================================================================================
[dynamics_observatory.py]  -> Resolved Repository Root: /workspaces/bloc-reloc-v2
[dynamics_observatory.py]  -> Loading trajectory data from: /workspaces/bloc-reloc-v2/results/search_dynamics.csv
[dynamics_observatory.py]  -> Executing Module 1: Relaxation Fitting (Raw & Normalized with AIC/BIC)...
[dynamics_observatory.py]  -> Executing Module 2: Kaplan-Meier Survival Analysis (Stall Window = 5)...
[dynamics_observatory.py]  -> Executing Module 3: Discrete Hazard Rate Analysis...
[dynamics_observatory.py]  -> Executing Module 4: Avalanche Improvement Delta Analysis...
[dynamics_observatory.py]  -> Executing Module 5: Observatory Executive Summary...
[dynamics_observatory.py] 
[dynamics_observatory.py] ================================================================================
[dynamics_observatory.py] OBSERVATORY COMPLETE
[dynamics_observatory.py] ================================================================================
[dynamics_observatory.py] rows processed: 36000
[dynamics_observatory.py] graphs:         120
[dynamics_observatory.py] configs:        6 (baseline, affinity, periodic, reactive, affinity_periodic, affinity_reactive)
[dynamics_observatory.py] outputs:        /workspaces/bloc-reloc-v2/results/observatory/
[dynamics_observatory.py] ====================================================================
[dynamics_observatory.py] 
[2026-08-03 18:15:15]  -> Success: dynamics_observatory.py completed cleanly (exit code 0).
[2026-08-03 18:15:15]  -> Checkpoint verified: All 6 expected file(s) present.
[2026-08-03 18:15:15] 
[STEP 2/3] Executing: observatory_advanced_analysis.py (Observatory Advanced Analysis)
[observatory_advanced_analysis.py] ================================================================================
[observatory_advanced_analysis.py] STARTING OBSERVATORY ADVANCED ANALYSIS PIPELINE
[observatory_advanced_analysis.py] ================================================================================
[observatory_advanced_analysis.py]  -> Resolved Repository Root: /workspaces/bloc-reloc-v2
[observatory_advanced_analysis.py]  -> Executing Module 1: Relaxation Regime Classification...
[observatory_advanced_analysis.py]     Saved: relaxation_regime.csv
[observatory_advanced_analysis.py]  -> Executing Module 2: Avalanche Statistics & Tail Fitting...
[observatory_advanced_analysis.py]     Saved: avalanche_statistics.csv
[observatory_advanced_analysis.py]     Saved: avalanche_tail_models.csv
[observatory_advanced_analysis.py]  -> Executing Module 3: Universal Relaxation Collapse...
[observatory_advanced_analysis.py]     Saved: master_relaxation_curves.csv
[observatory_advanced_analysis.py]     Saved: master_relaxation_collapse.png
[observatory_advanced_analysis.py]  -> Executing Module 4: Topology Coupling Analysis...
[observatory_advanced_analysis.py]     Saved: topology_dynamics_correlation.csv
[observatory_advanced_analysis.py] 
[observatory_advanced_analysis.py] ================================================
[observatory_advanced_analysis.py] OBSERVATORY ADVANCED COMPLETE
[observatory_advanced_analysis.py] ================================================
[observatory_advanced_analysis.py] Generated Artifacts in results/observatory/:
[observatory_advanced_analysis.py]   - relaxation_regime.csv
[observatory_advanced_analysis.py]   - avalanche_statistics.csv
[observatory_advanced_analysis.py]   - avalanche_tail_models.csv
[observatory_advanced_analysis.py]   - master_relaxation_curves.csv
[observatory_advanced_analysis.py]   - topology_dynamics_correlation.csv
[observatory_advanced_analysis.py]   - master_relaxation_collapse.png
[observatory_advanced_analysis.py] ================================================
[observatory_advanced_analysis.py] 
[2026-08-03 18:15:19]  -> Success: observatory_advanced_analysis.py completed cleanly (exit code 0).
[2026-08-03 18:15:19]  -> Checkpoint verified: All 5 expected file(s) present.
[2026-08-03 18:15:19] 
[STEP 3/3] Executing: observatory_final_summary.py (Final Dynamic Regime Summary Generator)
[observatory_final_summary.py] ================================================
[observatory_final_summary.py] FINAL DYNAMIC REGIME SUMMARY COMPLETE
[observatory_final_summary.py] ================================================
[observatory_final_summary.py] Filas generadas: 6
[observatory_final_summary.py] Ruta CSV:        /workspaces/bloc-reloc-v2/results/observatory/dynamic_regime_summary.csv
[observatory_final_summary.py] Configuraciones: baseline, affinity, periodic, reactive, affinity_periodic, affinity_reactive
[observatory_final_summary.py] ================================================
[observatory_final_summary.py] 
[2026-08-03 18:15:20]  -> Success: observatory_final_summary.py completed cleanly (exit code 0).
[2026-08-03 18:15:20]  -> Checkpoint verified: All 1 expected file(s) present.
[2026-08-03 18:15:20] 
Pipeline completion record written to PIPELINE_COMPLETE.txt
